2015-08-10 20:03:22,350 [INFO] 192.168.1.88 [hello] 0 [] 116
2015-08-10 20:03:22,351 [INFO] 192.168.1.99 [word] 0 [] 123
2015-08-10 20:03:22,361 [INFO] 192.168.1.5 [wrqwioriwerqwr] 0 [] 130
2015-08-10 20:03:22,366 [INFO] 192.168.1.5 [wqrwrqwrqwr] 0 [] 134
2015-08-10 20:03:22,368 [INFO] 192.168.1.8 [qrwr2r3r32] 0 [] 128
2015-08-10 20:03:22,496 [INFO] asfsfff: 1, key: t:qrqwrwer
2015-08-10 20:03:22,497 [INFO] 192.168.1.8 [23r32r23rr] 0 [] 94
2015-08-10 20:03:22,515 [INFO] 233q432424qerewr: 1, key: t:afsfw
2015-08-10 20:03:22,516 [INFO] 192.168.1.88 [wrqwerrwr] 0 [] 90
2015-08-10 20:03:22,528 [INFO] tafddafd: 1, key: t:q:afsfsdf